---
source: src/model/tests.rs
expression: config
---
Library {
    preamble: Some(
        String(
            "// my cool comment",
        ),
    ),
    classes: [
        Class {
            span: Span(
                0,
                0,
            ),
            name: SpannedScalar {
                value: "Foo",
                span: SourceSpan {
                    offset: SourceOffset(
                        37,
                    ),
                    length: 5,
                },
            },
            fields: [
                Field {
                    name: SpannedScalar {
                        value: "name",
                        span: SourceSpan {
                            offset: SourceOffset(
                                53,
                            ),
                            length: 6,
                        },
                    },
                    ty: SpannedScalar {
                        value: "String",
                        span: SourceSpan {
                            offset: SourceOffset(
                                65,
                            ),
                            length: 8,
                        },
                    },
                    docs: None,
                },
                Field {
                    name: SpannedScalar {
                        value: "age",
                        span: SourceSpan {
                            offset: SourceOffset(
                                82,
                            ),
                            length: 5,
                        },
                    },
                    ty: SpannedScalar {
                        value: "int",
                        span: SourceSpan {
                            offset: SourceOffset(
                                93,
                            ),
                            length: 5,
                        },
                    },
                    docs: None,
                },
            ],
            extra_dart: [
                String(
                    "void printMe() => print((name, age));",
                ),
            ],
            docs: None,
        },
    ],
    unions: [
        Union {
            span: Span(
                0,
                0,
            ),
            name: SpannedScalar {
                value: "Animal",
                span: SourceSpan {
                    offset: SourceOffset(
                        162,
                    ),
                    length: 8,
                },
            },
            sealed: None,
            json_discrimminant: None,
            classes: [
                Class {
                    span: Span(
                        0,
                        0,
                    ),
                    name: SpannedScalar {
                        value: "Dog",
                        span: SourceSpan {
                            offset: SourceOffset(
                                181,
                            ),
                            length: 5,
                        },
                    },
                    fields: [
                        Field {
                            name: SpannedScalar {
                                value: "breed",
                                span: SourceSpan {
                                    offset: SourceOffset(
                                        199,
                                    ),
                                    length: 7,
                                },
                            },
                            ty: SpannedScalar {
                                value: "String",
                                span: SourceSpan {
                                    offset: SourceOffset(
                                        212,
                                    ),
                                    length: 8,
                                },
                            },
                            docs: None,
                        },
                    ],
                    extra_dart: [],
                    docs: None,
                },
                Class {
                    span: Span(
                        0,
                        0,
                    ),
                    name: SpannedScalar {
                        value: "Cat",
                        span: SourceSpan {
                            offset: SourceOffset(
                                234,
                            ),
                            length: 5,
                        },
                    },
                    fields: [
                        Field {
                            name: SpannedScalar {
                                value: "color",
                                span: SourceSpan {
                                    offset: SourceOffset(
                                        252,
                                    ),
                                    length: 7,
                                },
                            },
                            ty: SpannedScalar {
                                value: "String",
                                span: SourceSpan {
                                    offset: SourceOffset(
                                        265,
                                    ),
                                    length: 8,
                                },
                            },
                            docs: None,
                        },
                    ],
                    extra_dart: [],
                    docs: None,
                },
            ],
        },
    ],
}
