---
source: src/model/tests.rs
expression: ron
---
Library {
    preamble: None,
    postamble: None,
    defaults: None,
    enums: [],
    classes: [
        Class {
            span: Span(
                0,
                0,
            ),
            name: SpannedScalar {
                value: "Foo",
                span: SourceSpan {
                    offset: SourceOffset(
                        57,
                    ),
                    length: 5,
                },
            },
            fields: [
                Field {
                    name: SpannedScalar {
                        value: "x",
                        span: SourceSpan {
                            offset: SourceOffset(
                                73,
                            ),
                            length: 3,
                        },
                    },
                    ty: SpannedScalar {
                        value: "String",
                        span: SourceSpan {
                            offset: SourceOffset(
                                82,
                            ),
                            length: 8,
                        },
                    },
                    defaults_to: Some(
                        Value {
                            type_name: None,
                            literal: Spanned {
                                span: Span(
                                    109,
                                    116,
                                ),
                                value: String(
                                    "hello",
                                ),
                            },
                        },
                    ),
                    defaults_to_dart: None,
                    docs: None,
                },
                Field {
                    name: SpannedScalar {
                        value: "y",
                        span: SourceSpan {
                            offset: SourceOffset(
                                130,
                            ),
                            length: 3,
                        },
                    },
                    ty: SpannedScalar {
                        value: "int",
                        span: SourceSpan {
                            offset: SourceOffset(
                                139,
                            ),
                            length: 5,
                        },
                    },
                    defaults_to: None,
                    defaults_to_dart: Some(
                        SpannedScalar {
                            value: "123 + 234",
                            span: SourceSpan {
                                offset: SourceOffset(
                                    168,
                                ),
                                length: 11,
                            },
                        },
                    ),
                    docs: None,
                },
            ],
            docs: None,
            extra_dart: [],
        },
    ],
    unions: [],
}
