---
source: src/model/tests.rs
expression: ron
---
Library {
    preamble: Some(
        "\n  // woohoo look a comment at the start of the file\n",
    ),
    postamble: Some(
        "\n  class _CustomAnnotation {\n    const _CustomAnnotation();\n  }\n",
    ),
    defaults: Some(
        Defaults {
            generate_to_string: Some(
                SpannedScalar {
                    value: true,
                    span: SourceSpan {
                        offset: SourceOffset(
                            134,
                        ),
                        length: 4,
                    },
                },
            ),
            generate_equals: None,
            dart_format_language_version: None,
            class: Some(
                ClassOptions {
                    annotations: None,
                    builder_annotations: Some(
                        SpannedScalar {
                            value: "@_CustomAnnotation()",
                            span: SourceSpan {
                                offset: SourceOffset(
                                    249,
                                ),
                                length: 22,
                            },
                        },
                    ),
                },
            ),
            union: Some(
                UnionOptions {
                    sealed: Some(
                        SpannedScalar {
                            value: true,
                            span: SourceSpan {
                                offset: SourceOffset(
                                    161,
                                ),
                                length: 4,
                            },
                        },
                    ),
                    json_discriminant: Some(
                        SpannedScalar {
                            value: "custom-discriminant",
                            span: SourceSpan {
                                offset: SourceOffset(
                                    188,
                                ),
                                length: 21,
                            },
                        },
                    ),
                },
            ),
            field: Some(
                FieldOptions {
                    json_key_case: Some(
                        SpannedScalar {
                            value: Snake,
                            span: SourceSpan {
                                offset: SourceOffset(
                                    305,
                                ),
                                length: 7,
                            },
                        },
                    ),
                },
            ),
        },
    ),
    enums: [
        Enum {
            span: Span(
                0,
                0,
            ),
            name: SpannedScalar {
                value: "Color",
                span: SourceSpan {
                    offset: SourceOffset(
                        875,
                    ),
                    length: 7,
                },
            },
            docs: None,
            variants: [
                EnumVariant {
                    name: SpannedScalar {
                        value: "red",
                        span: SourceSpan {
                            offset: SourceOffset(
                                895,
                            ),
                            length: 5,
                        },
                    },
                    docs: Some(
                        SpannedScalar {
                            value: "a bad color",
                            span: SourceSpan {
                                offset: SourceOffset(
                                    912,
                                ),
                                length: 13,
                            },
                        },
                    ),
                    json_value: Some(
                        Value {
                            type_name: None,
                            literal: Spanned {
                                span: Span(
                                    942,
                                    953,
                                ),
                                value: String(
                                    "ew, gross",
                                ),
                            },
                        },
                    ),
                },
                EnumVariant {
                    name: SpannedScalar {
                        value: "green",
                        span: SourceSpan {
                            offset: SourceOffset(
                                968,
                            ),
                            length: 7,
                        },
                    },
                    docs: Some(
                        SpannedScalar {
                            value: "\nThe best color\n\nTruly, there has never been a greater color\n    ",
                            span: SourceSpan {
                                offset: SourceOffset(
                                    987,
                                ),
                                length: 70,
                            },
                        },
                    ),
                    json_value: Some(
                        Value {
                            type_name: None,
                            literal: Spanned {
                                span: Span(
                                    1074,
                                    1077,
                                ),
                                value: Int(
                                    Integer(
                                        Dec,
                                        "123",
                                    ),
                                ),
                            },
                        },
                    ),
                },
                EnumVariant {
                    name: SpannedScalar {
                        value: "blue",
                        span: SourceSpan {
                            offset: SourceOffset(
                                1093,
                            ),
                            length: 6,
                        },
                    },
                    docs: None,
                    json_value: None,
                },
            ],
            extra_dart: [
                SpannedScalar {
                    value: "void hello() {}",
                    span: SourceSpan {
                        offset: SourceOffset(
                            1114,
                        ),
                        length: 17,
                    },
                },
                SpannedScalar {
                    value: "\n    void goodbye() => print(\"cya\");\n  ",
                    span: SourceSpan {
                        offset: SourceOffset(
                            1145,
                        ),
                        length: 44,
                    },
                },
            ],
        },
    ],
    classes: [
        Class {
            span: Span(
                0,
                0,
            ),
            name: SpannedScalar {
                value: "TopLevel",
                span: SourceSpan {
                    offset: SourceOffset(
                        476,
                    ),
                    length: 10,
                },
            },
            allow_non_pascal_case: None,
            fields: [
                Field {
                    name: SpannedScalar {
                        value: "name",
                        span: SourceSpan {
                            offset: SourceOffset(
                                497,
                            ),
                            length: 6,
                        },
                    },
                    ty: SpannedScalar {
                        value: "String",
                        span: SourceSpan {
                            offset: SourceOffset(
                                509,
                            ),
                            length: 8,
                        },
                    },
                    defaults_to: None,
                    defaults_to_dart: None,
                    docs: None,
                    to_json: None,
                    from_json: None,
                    json_key: None,
                },
                Field {
                    name: SpannedScalar {
                        value: "age",
                        span: SourceSpan {
                            offset: SourceOffset(
                                526,
                            ),
                            length: 5,
                        },
                    },
                    ty: SpannedScalar {
                        value: "int",
                        span: SourceSpan {
                            offset: SourceOffset(
                                537,
                            ),
                            length: 5,
                        },
                    },
                    defaults_to: Some(
                        Value {
                            type_name: None,
                            literal: Spanned {
                                span: Span(
                                    603,
                                    606,
                                ),
                                value: Int(
                                    Integer(
                                        Dec,
                                        "123",
                                    ),
                                ),
                            },
                        },
                    ),
                    defaults_to_dart: None,
                    docs: Some(
                        SpannedScalar {
                            value: "the age of this toplevel thing",
                            span: SourceSpan {
                                offset: SourceOffset(
                                    554,
                                ),
                                length: 32,
                            },
                        },
                    ),
                    to_json: None,
                    from_json: None,
                    json_key: None,
                },
                Field {
                    name: SpannedScalar {
                        value: "color",
                        span: SourceSpan {
                            offset: SourceOffset(
                                620,
                            ),
                            length: 7,
                        },
                    },
                    ty: SpannedScalar {
                        value: "Color",
                        span: SourceSpan {
                            offset: SourceOffset(
                                633,
                            ),
                            length: 7,
                        },
                    },
                    defaults_to: None,
                    defaults_to_dart: Some(
                        SpannedScalar {
                            value: "Color.green",
                            span: SourceSpan {
                                offset: SourceOffset(
                                    664,
                                ),
                                length: 13,
                            },
                        },
                    ),
                    docs: Some(
                        SpannedScalar {
                            value: "\nThe color of the thing\n\nDefaults to [Color.green] because it's the best color\n    ",
                            span: SourceSpan {
                                offset: SourceOffset(
                                    687,
                                ),
                                length: 88,
                            },
                        },
                    ),
                    to_json: None,
                    from_json: None,
                    json_key: None,
                },
                Field {
                    name: SpannedScalar {
                        value: "pet",
                        span: SourceSpan {
                            offset: SourceOffset(
                                789,
                            ),
                            length: 5,
                        },
                    },
                    ty: SpannedScalar {
                        value: "Animal",
                        span: SourceSpan {
                            offset: SourceOffset(
                                800,
                            ),
                            length: 8,
                        },
                    },
                    defaults_to: None,
                    defaults_to_dart: None,
                    docs: None,
                    to_json: None,
                    from_json: None,
                    json_key: None,
                },
                Field {
                    name: SpannedScalar {
                        value: "secondPet",
                        span: SourceSpan {
                            offset: SourceOffset(
                                818,
                            ),
                            length: 11,
                        },
                    },
                    ty: SpannedScalar {
                        value: "Animal?",
                        span: SourceSpan {
                            offset: SourceOffset(
                                835,
                            ),
                            length: 9,
                        },
                    },
                    defaults_to: Some(
                        Value {
                            type_name: None,
                            literal: Spanned {
                                span: Span(
                                    859,
                                    863,
                                ),
                                value: Null,
                            },
                        },
                    ),
                    defaults_to_dart: None,
                    docs: None,
                    to_json: None,
                    from_json: None,
                    json_key: None,
                },
            ],
            docs: None,
            json_key_case: None,
            json_discriminant_value: None,
            annotations: None,
            builder_annotations: None,
            extra_dart: None,
            builder_extra_dart: None,
        },
    ],
    unions: [
        Union {
            span: Span(
                0,
                0,
            ),
            name: SpannedScalar {
                value: "Unused",
                span: SourceSpan {
                    offset: SourceOffset(
                        1251,
                    ),
                    length: 8,
                },
            },
            sealed: Some(
                SpannedScalar {
                    value: false,
                    span: SourceSpan {
                        offset: SourceOffset(
                            1267,
                        ),
                        length: 5,
                    },
                },
            ),
            json_discriminant: Some(
                SpannedScalar {
                    value: "something-custom-for-unused",
                    span: SourceSpan {
                        offset: SourceOffset(
                            1295,
                        ),
                        length: 29,
                    },
                },
            ),
            json_discriminant_value_case: Some(
                SpannedScalar {
                    value: ScreamingSnake,
                    span: SourceSpan {
                        offset: SourceOffset(
                            1356,
                        ),
                        length: 17,
                    },
                },
            ),
            docs: None,
            classes: [
                Class {
                    span: Span(
                        0,
                        0,
                    ),
                    name: SpannedScalar {
                        value: "X",
                        span: SourceSpan {
                            offset: SourceOffset(
                                1386,
                            ),
                            length: 3,
                        },
                    },
                    allow_non_pascal_case: None,
                    fields: [],
                    docs: None,
                    json_key_case: None,
                    json_discriminant_value: Some(
                        Value {
                            type_name: None,
                            literal: Spanned {
                                span: Span(
                                    1420,
                                    1430,
                                ),
                                value: String(
                                    "unused_x",
                                ),
                            },
                        },
                    ),
                    annotations: None,
                    builder_annotations: None,
                    extra_dart: None,
                    builder_extra_dart: None,
                },
                Class {
                    span: Span(
                        0,
                        0,
                    ),
                    name: SpannedScalar {
                        value: "Y",
                        span: SourceSpan {
                            offset: SourceOffset(
                                1443,
                            ),
                            length: 3,
                        },
                    },
                    allow_non_pascal_case: None,
                    fields: [],
                    docs: None,
                    json_key_case: None,
                    json_discriminant_value: None,
                    annotations: None,
                    builder_annotations: None,
                    extra_dart: None,
                    builder_extra_dart: None,
                },
            ],
            extra_dart: [],
        },
        Union {
            span: Span(
                0,
                0,
            ),
            name: SpannedScalar {
                value: "Animal",
                span: SourceSpan {
                    offset: SourceOffset(
                        1455,
                    ),
                    length: 8,
                },
            },
            sealed: None,
            json_discriminant: None,
            json_discriminant_value_case: None,
            docs: Some(
                SpannedScalar {
                    value: "\nSome docs for animal\n\nIt's either a dog or a cat\n  ",
                    span: SourceSpan {
                        offset: SourceOffset(
                            1473,
                        ),
                        length: 57,
                    },
                },
            ),
            classes: [
                Class {
                    span: Span(
                        0,
                        0,
                    ),
                    name: SpannedScalar {
                        value: "Dog",
                        span: SourceSpan {
                            offset: SourceOffset(
                                1539,
                            ),
                            length: 5,
                        },
                    },
                    allow_non_pascal_case: None,
                    fields: [
                        Field {
                            name: SpannedScalar {
                                value: "name",
                                span: SourceSpan {
                                    offset: SourceOffset(
                                        1585,
                                    ),
                                    length: 6,
                                },
                            },
                            ty: SpannedScalar {
                                value: "String",
                                span: SourceSpan {
                                    offset: SourceOffset(
                                        1597,
                                    ),
                                    length: 8,
                                },
                            },
                            defaults_to: Some(
                                Value {
                                    type_name: None,
                                    literal: Spanned {
                                        span: Span(
                                            1626,
                                            1631,
                                        ),
                                        value: String(
                                            "Dog",
                                        ),
                                    },
                                },
                            ),
                            defaults_to_dart: None,
                            docs: Some(
                                SpannedScalar {
                                    value: "the name",
                                    span: SourceSpan {
                                        offset: SourceOffset(
                                            1643,
                                        ),
                                        length: 10,
                                    },
                                },
                            ),
                            to_json: None,
                            from_json: None,
                            json_key: None,
                        },
                        Field {
                            name: SpannedScalar {
                                value: "color",
                                span: SourceSpan {
                                    offset: SourceOffset(
                                        1670,
                                    ),
                                    length: 7,
                                },
                            },
                            ty: SpannedScalar {
                                value: "Color",
                                span: SourceSpan {
                                    offset: SourceOffset(
                                        1683,
                                    ),
                                    length: 7,
                                },
                            },
                            defaults_to: None,
                            defaults_to_dart: None,
                            docs: None,
                            to_json: None,
                            from_json: None,
                            json_key: None,
                        },
                        Field {
                            name: SpannedScalar {
                                value: "aliases",
                                span: SourceSpan {
                                    offset: SourceOffset(
                                        1701,
                                    ),
                                    length: 9,
                                },
                            },
                            ty: SpannedScalar {
                                value: "List<String>",
                                span: SourceSpan {
                                    offset: SourceOffset(
                                        1716,
                                    ),
                                    length: 14,
                                },
                            },
                            defaults_to: None,
                            defaults_to_dart: None,
                            docs: None,
                            to_json: None,
                            from_json: None,
                            json_key: None,
                        },
                    ],
                    docs: Some(
                        SpannedScalar {
                            value: "Fun-loving buddy",
                            span: SourceSpan {
                                offset: SourceOffset(
                                    1556,
                                ),
                                length: 18,
                            },
                        },
                    ),
                    json_key_case: None,
                    json_discriminant_value: None,
                    annotations: None,
                    builder_annotations: None,
                    extra_dart: None,
                    builder_extra_dart: None,
                },
                Class {
                    span: Span(
                        0,
                        0,
                    ),
                    name: SpannedScalar {
                        value: "Cat",
                        span: SourceSpan {
                            offset: SourceOffset(
                                1744,
                            ),
                            length: 5,
                        },
                    },
                    allow_non_pascal_case: None,
                    fields: [
                        Field {
                            name: SpannedScalar {
                                value: "name",
                                span: SourceSpan {
                                    offset: SourceOffset(
                                        1788,
                                    ),
                                    length: 6,
                                },
                            },
                            ty: SpannedScalar {
                                value: "String",
                                span: SourceSpan {
                                    offset: SourceOffset(
                                        1800,
                                    ),
                                    length: 8,
                                },
                            },
                            defaults_to: Some(
                                Value {
                                    type_name: None,
                                    literal: Spanned {
                                        span: Span(
                                            1829,
                                            1850,
                                        ),
                                        value: String(
                                            "Destroyer of Worlds",
                                        ),
                                    },
                                },
                            ),
                            defaults_to_dart: None,
                            docs: None,
                            to_json: None,
                            from_json: None,
                            json_key: None,
                        },
                        Field {
                            name: SpannedScalar {
                                value: "satanicPower",
                                span: SourceSpan {
                                    offset: SourceOffset(
                                        1867,
                                    ),
                                    length: 14,
                                },
                            },
                            ty: SpannedScalar {
                                value: "int",
                                span: SourceSpan {
                                    offset: SourceOffset(
                                        1887,
                                    ),
                                    length: 5,
                                },
                            },
                            defaults_to: None,
                            defaults_to_dart: Some(
                                SpannedScalar {
                                    value: "9001",
                                    span: SourceSpan {
                                        offset: SourceOffset(
                                            1918,
                                        ),
                                        length: 6,
                                    },
                                },
                            ),
                            docs: None,
                            to_json: Some(
                                SpannedScalar {
                                    value: "(i) => i ^ 121",
                                    span: SourceSpan {
                                        offset: SourceOffset(
                                            1939,
                                        ),
                                        length: 16,
                                    },
                                },
                            ),
                            from_json: Some(
                                SpannedScalar {
                                    value: "(i) => i ^ 121",
                                    span: SourceSpan {
                                        offset: SourceOffset(
                                            1972,
                                        ),
                                        length: 16,
                                    },
                                },
                            ),
                            json_key: None,
                        },
                        Field {
                            name: SpannedScalar {
                                value: "data",
                                span: SourceSpan {
                                    offset: SourceOffset(
                                        2005,
                                    ),
                                    length: 6,
                                },
                            },
                            ty: SpannedScalar {
                                value: "Map<String, dynamic>",
                                span: SourceSpan {
                                    offset: SourceOffset(
                                        2017,
                                    ),
                                    length: 22,
                                },
                            },
                            defaults_to: None,
                            defaults_to_dart: None,
                            docs: None,
                            to_json: None,
                            from_json: None,
                            json_key: None,
                        },
                    ],
                    docs: Some(
                        SpannedScalar {
                            value: "Evil hellspawn",
                            span: SourceSpan {
                                offset: SourceOffset(
                                    1761,
                                ),
                                length: 16,
                            },
                        },
                    ),
                    json_key_case: None,
                    json_discriminant_value: None,
                    annotations: None,
                    builder_annotations: None,
                    extra_dart: None,
                    builder_extra_dart: None,
                },
            ],
            extra_dart: [],
        },
    ],
}
