---
source: src/model/tests.rs
expression: ron
---
Library {
    preamble: None,
    postamble: None,
    defaults: Some(
        Defaults {
            union: Some(
                UnionOptions {
                    sealed: Some(
                        SpannedScalar {
                            value: true,
                            span: SourceSpan {
                                offset: SourceOffset(
                                    75,
                                ),
                                length: 4,
                            },
                        },
                    ),
                    json_discriminant: None,
                },
            ),
            field: None,
        },
    ),
    enums: [],
    classes: [],
    unions: [
        Union {
            span: Span(
                0,
                0,
            ),
            name: SpannedScalar {
                value: "Foo",
                span: SourceSpan {
                    offset: SourceOffset(
                        93,
                    ),
                    length: 5,
                },
            },
            sealed: None,
            json_discriminant: None,
            docs: None,
            classes: [
                Class {
                    span: Span(
                        0,
                        0,
                    ),
                    name: SpannedScalar {
                        value: "X",
                        span: SourceSpan {
                            offset: SourceOffset(
                                109,
                            ),
                            length: 3,
                        },
                    },
                    fields: [],
                    docs: None,
                    extra_dart: [],
                },
                Class {
                    span: Span(
                        0,
                        0,
                    ),
                    name: SpannedScalar {
                        value: "Y",
                        span: SourceSpan {
                            offset: SourceOffset(
                                121,
                            ),
                            length: 3,
                        },
                    },
                    fields: [],
                    docs: None,
                    extra_dart: [],
                },
            ],
            extra_dart: [],
        },
    ],
}
