---
source: src/model/tests.rs
expression: ron
---
Library {
    preamble: Some(
        "\n  // woohoo look a comment at the start of the file\n",
    ),
    postamble: Some(
        "\n  class _CustomAnnotation {\n    const _CustomAnnotation();\n  }\n",
    ),
    meta: None,
    defaults: Some(
        Defaults {
            generate_to_string: Some(
                SpannedScalar {
                    value: true,
                    span: SourceSpan {
                        offset: SourceOffset(
                            134,
                        ),
                        length: 4,
                    },
                },
            ),
            generate_equals: None,
            dart_format_language_version: None,
            class: Some(
                ClassOptions {
                    annotations: None,
                    builder_annotations: Some(
                        SpannedScalar {
                            value: "@_CustomAnnotation()",
                            span: SourceSpan {
                                offset: SourceOffset(
                                    302,
                                ),
                                length: 22,
                            },
                        },
                    ),
                },
            ),
            union: Some(
                UnionOptions {
                    sealed: Some(
                        SpannedScalar {
                            value: true,
                            span: SourceSpan {
                                offset: SourceOffset(
                                    161,
                                ),
                                length: 4,
                            },
                        },
                    ),
                    json_discriminant: Some(
                        SpannedScalar {
                            value: "custom-discriminant",
                            span: SourceSpan {
                                offset: SourceOffset(
                                    188,
                                ),
                                length: 21,
                            },
                        },
                    ),
                },
            ),
            enum: Some(
                EnumOptions {
                    annotations: Some(
                        SpannedScalar {
                            value: "@_CustomAnnotation()",
                            span: SourceSpan {
                                offset: SourceOffset(
                                    240,
                                ),
                                length: 22,
                            },
                        },
                    ),
                },
            ),
            field: Some(
                FieldOptions {
                    json_key_case: Some(
                        SpannedScalar {
                            value: Snake,
                            span: SourceSpan {
                                offset: SourceOffset(
                                    358,
                                ),
                                length: 7,
                            },
                        },
                    ),
                },
            ),
        },
    ),
    enums: [
        Enum {
            span: Span(
                0,
                0,
            ),
            name: SpannedScalar {
                value: "Color",
                span: SourceSpan {
                    offset: SourceOffset(
                        962,
                    ),
                    length: 7,
                },
            },
            docs: None,
            annotations: None,
            extra_dart: Some(
                SpannedScalar {
                    value: "\n    void goodbye() => print(\"cya\");\n  ",
                    span: SourceSpan {
                        offset: SourceOffset(
                            1201,
                        ),
                        length: 44,
                    },
                },
            ),
            variants: [
                EnumVariant {
                    name: SpannedScalar {
                        value: "red",
                        span: SourceSpan {
                            offset: SourceOffset(
                                982,
                            ),
                            length: 5,
                        },
                    },
                    docs: Some(
                        SpannedScalar {
                            value: "a bad color",
                            span: SourceSpan {
                                offset: SourceOffset(
                                    999,
                                ),
                                length: 13,
                            },
                        },
                    ),
                    json_value: Some(
                        Value {
                            type_name: None,
                            literal: Spanned {
                                span: Span(
                                    1029,
                                    1040,
                                ),
                                value: String(
                                    "ew, gross",
                                ),
                            },
                        },
                    ),
                },
                EnumVariant {
                    name: SpannedScalar {
                        value: "green",
                        span: SourceSpan {
                            offset: SourceOffset(
                                1055,
                            ),
                            length: 7,
                        },
                    },
                    docs: Some(
                        SpannedScalar {
                            value: "\nThe best color\n\nTruly, there has never been a greater color\n    ",
                            span: SourceSpan {
                                offset: SourceOffset(
                                    1074,
                                ),
                                length: 70,
                            },
                        },
                    ),
                    json_value: Some(
                        Value {
                            type_name: None,
                            literal: Spanned {
                                span: Span(
                                    1161,
                                    1164,
                                ),
                                value: Int(
                                    Integer(
                                        Dec,
                                        "123",
                                    ),
                                ),
                            },
                        },
                    ),
                },
                EnumVariant {
                    name: SpannedScalar {
                        value: "blue",
                        span: SourceSpan {
                            offset: SourceOffset(
                                1180,
                            ),
                            length: 6,
                        },
                    },
                    docs: None,
                    json_value: None,
                },
            ],
        },
    ],
    classes: [
        Class {
            span: Span(
                0,
                0,
            ),
            name: SpannedScalar {
                value: "TopLevel",
                span: SourceSpan {
                    offset: SourceOffset(
                        529,
                    ),
                    length: 10,
                },
            },
            allow_non_pascal_case: None,
            fields: [
                Field {
                    name: SpannedScalar {
                        value: "name",
                        span: SourceSpan {
                            offset: SourceOffset(
                                550,
                            ),
                            length: 6,
                        },
                    },
                    ty: SpannedScalar {
                        value: "String",
                        span: SourceSpan {
                            offset: SourceOffset(
                                562,
                            ),
                            length: 8,
                        },
                    },
                    defaults_to: None,
                    defaults_to_dart: None,
                    docs: None,
                    to_json: None,
                    from_json: None,
                    json_key: None,
                },
                Field {
                    name: SpannedScalar {
                        value: "age",
                        span: SourceSpan {
                            offset: SourceOffset(
                                579,
                            ),
                            length: 5,
                        },
                    },
                    ty: SpannedScalar {
                        value: "int",
                        span: SourceSpan {
                            offset: SourceOffset(
                                590,
                            ),
                            length: 5,
                        },
                    },
                    defaults_to: Some(
                        Value {
                            type_name: None,
                            literal: Spanned {
                                span: Span(
                                    656,
                                    659,
                                ),
                                value: Int(
                                    Integer(
                                        Dec,
                                        "123",
                                    ),
                                ),
                            },
                        },
                    ),
                    defaults_to_dart: None,
                    docs: Some(
                        SpannedScalar {
                            value: "the age of this toplevel thing",
                            span: SourceSpan {
                                offset: SourceOffset(
                                    607,
                                ),
                                length: 32,
                            },
                        },
                    ),
                    to_json: None,
                    from_json: None,
                    json_key: None,
                },
                Field {
                    name: SpannedScalar {
                        value: "color",
                        span: SourceSpan {
                            offset: SourceOffset(
                                673,
                            ),
                            length: 7,
                        },
                    },
                    ty: SpannedScalar {
                        value: "Color",
                        span: SourceSpan {
                            offset: SourceOffset(
                                686,
                            ),
                            length: 7,
                        },
                    },
                    defaults_to: None,
                    defaults_to_dart: Some(
                        SpannedScalar {
                            value: "Color.green",
                            span: SourceSpan {
                                offset: SourceOffset(
                                    717,
                                ),
                                length: 13,
                            },
                        },
                    ),
                    docs: Some(
                        SpannedScalar {
                            value: "\nThe color of the thing\n\nDefaults to [Color.green] because it's the best color\n    ",
                            span: SourceSpan {
                                offset: SourceOffset(
                                    740,
                                ),
                                length: 88,
                            },
                        },
                    ),
                    to_json: None,
                    from_json: None,
                    json_key: None,
                },
                Field {
                    name: SpannedScalar {
                        value: "pet",
                        span: SourceSpan {
                            offset: SourceOffset(
                                842,
                            ),
                            length: 5,
                        },
                    },
                    ty: SpannedScalar {
                        value: "Animal",
                        span: SourceSpan {
                            offset: SourceOffset(
                                853,
                            ),
                            length: 8,
                        },
                    },
                    defaults_to: None,
                    defaults_to_dart: None,
                    docs: None,
                    to_json: None,
                    from_json: None,
                    json_key: None,
                },
                Field {
                    name: SpannedScalar {
                        value: "secondPet",
                        span: SourceSpan {
                            offset: SourceOffset(
                                871,
                            ),
                            length: 11,
                        },
                    },
                    ty: SpannedScalar {
                        value: "Animal?",
                        span: SourceSpan {
                            offset: SourceOffset(
                                888,
                            ),
                            length: 9,
                        },
                    },
                    defaults_to: Some(
                        Value {
                            type_name: None,
                            literal: Spanned {
                                span: Span(
                                    912,
                                    916,
                                ),
                                value: Null,
                            },
                        },
                    ),
                    defaults_to_dart: None,
                    docs: None,
                    to_json: None,
                    from_json: None,
                    json_key: None,
                },
                Field {
                    name: SpannedScalar {
                        value: "data",
                        span: SourceSpan {
                            offset: SourceOffset(
                                929,
                            ),
                            length: 6,
                        },
                    },
                    ty: SpannedScalar {
                        value: "List<Data>",
                        span: SourceSpan {
                            offset: SourceOffset(
                                941,
                            ),
                            length: 12,
                        },
                    },
                    defaults_to: None,
                    defaults_to_dart: None,
                    docs: None,
                    to_json: None,
                    from_json: None,
                    json_key: None,
                },
            ],
            docs: None,
            json_key_case: None,
            json_discriminant_value: None,
            annotations: None,
            builder_annotations: None,
            extra_dart: None,
            builder_extra_dart: None,
        },
        Class {
            span: Span(
                0,
                0,
            ),
            name: SpannedScalar {
                value: "Data",
                span: SourceSpan {
                    offset: SourceOffset(
                        2110,
                    ),
                    length: 6,
                },
            },
            allow_non_pascal_case: None,
            fields: [
                Field {
                    name: SpannedScalar {
                        value: "dogs",
                        span: SourceSpan {
                            offset: SourceOffset(
                                2127,
                            ),
                            length: 6,
                        },
                    },
                    ty: SpannedScalar {
                        value: "Set<Dog>",
                        span: SourceSpan {
                            offset: SourceOffset(
                                2139,
                            ),
                            length: 10,
                        },
                    },
                    defaults_to: None,
                    defaults_to_dart: None,
                    docs: None,
                    to_json: None,
                    from_json: None,
                    json_key: None,
                },
                Field {
                    name: SpannedScalar {
                        value: "cats",
                        span: SourceSpan {
                            offset: SourceOffset(
                                2158,
                            ),
                            length: 6,
                        },
                    },
                    ty: SpannedScalar {
                        value: "List<Cat>",
                        span: SourceSpan {
                            offset: SourceOffset(
                                2170,
                            ),
                            length: 11,
                        },
                    },
                    defaults_to: None,
                    defaults_to_dart: None,
                    docs: None,
                    to_json: None,
                    from_json: None,
                    json_key: None,
                },
                Field {
                    name: SpannedScalar {
                        value: "animals",
                        span: SourceSpan {
                            offset: SourceOffset(
                                2190,
                            ),
                            length: 9,
                        },
                    },
                    ty: SpannedScalar {
                        value: "Map<String, Animal>",
                        span: SourceSpan {
                            offset: SourceOffset(
                                2205,
                            ),
                            length: 21,
                        },
                    },
                    defaults_to: None,
                    defaults_to_dart: None,
                    docs: None,
                    to_json: None,
                    from_json: None,
                    json_key: None,
                },
            ],
            docs: None,
            json_key_case: None,
            json_discriminant_value: None,
            annotations: None,
            builder_annotations: None,
            extra_dart: None,
            builder_extra_dart: None,
        },
    ],
    unions: [
        Union {
            span: Span(
                0,
                0,
            ),
            name: SpannedScalar {
                value: "Unused",
                span: SourceSpan {
                    offset: SourceOffset(
                        1307,
                    ),
                    length: 8,
                },
            },
            sealed: Some(
                SpannedScalar {
                    value: false,
                    span: SourceSpan {
                        offset: SourceOffset(
                            1323,
                        ),
                        length: 5,
                    },
                },
            ),
            json_discriminant: Some(
                SpannedScalar {
                    value: "something-custom-for-unused",
                    span: SourceSpan {
                        offset: SourceOffset(
                            1351,
                        ),
                        length: 29,
                    },
                },
            ),
            json_discriminant_value_case: Some(
                SpannedScalar {
                    value: ScreamingSnake,
                    span: SourceSpan {
                        offset: SourceOffset(
                            1412,
                        ),
                        length: 17,
                    },
                },
            ),
            docs: None,
            classes: [
                Class {
                    span: Span(
                        0,
                        0,
                    ),
                    name: SpannedScalar {
                        value: "X",
                        span: SourceSpan {
                            offset: SourceOffset(
                                1442,
                            ),
                            length: 3,
                        },
                    },
                    allow_non_pascal_case: None,
                    fields: [],
                    docs: None,
                    json_key_case: None,
                    json_discriminant_value: Some(
                        Value {
                            type_name: None,
                            literal: Spanned {
                                span: Span(
                                    1476,
                                    1486,
                                ),
                                value: String(
                                    "unused_x",
                                ),
                            },
                        },
                    ),
                    annotations: None,
                    builder_annotations: None,
                    extra_dart: None,
                    builder_extra_dart: None,
                },
                Class {
                    span: Span(
                        0,
                        0,
                    ),
                    name: SpannedScalar {
                        value: "Y",
                        span: SourceSpan {
                            offset: SourceOffset(
                                1499,
                            ),
                            length: 3,
                        },
                    },
                    allow_non_pascal_case: None,
                    fields: [],
                    docs: None,
                    json_key_case: None,
                    json_discriminant_value: None,
                    annotations: None,
                    builder_annotations: None,
                    extra_dart: None,
                    builder_extra_dart: None,
                },
            ],
            extra_dart: [],
        },
        Union {
            span: Span(
                0,
                0,
            ),
            name: SpannedScalar {
                value: "Animal",
                span: SourceSpan {
                    offset: SourceOffset(
                        1511,
                    ),
                    length: 8,
                },
            },
            sealed: None,
            json_discriminant: None,
            json_discriminant_value_case: None,
            docs: Some(
                SpannedScalar {
                    value: "\nSome docs for animal\n\nIt's either a dog or a cat\n  ",
                    span: SourceSpan {
                        offset: SourceOffset(
                            1529,
                        ),
                        length: 57,
                    },
                },
            ),
            classes: [
                Class {
                    span: Span(
                        0,
                        0,
                    ),
                    name: SpannedScalar {
                        value: "Dog",
                        span: SourceSpan {
                            offset: SourceOffset(
                                1595,
                            ),
                            length: 5,
                        },
                    },
                    allow_non_pascal_case: None,
                    fields: [
                        Field {
                            name: SpannedScalar {
                                value: "name",
                                span: SourceSpan {
                                    offset: SourceOffset(
                                        1641,
                                    ),
                                    length: 6,
                                },
                            },
                            ty: SpannedScalar {
                                value: "String",
                                span: SourceSpan {
                                    offset: SourceOffset(
                                        1653,
                                    ),
                                    length: 8,
                                },
                            },
                            defaults_to: Some(
                                Value {
                                    type_name: None,
                                    literal: Spanned {
                                        span: Span(
                                            1682,
                                            1687,
                                        ),
                                        value: String(
                                            "Dog",
                                        ),
                                    },
                                },
                            ),
                            defaults_to_dart: None,
                            docs: Some(
                                SpannedScalar {
                                    value: "the name",
                                    span: SourceSpan {
                                        offset: SourceOffset(
                                            1699,
                                        ),
                                        length: 10,
                                    },
                                },
                            ),
                            to_json: None,
                            from_json: None,
                            json_key: None,
                        },
                        Field {
                            name: SpannedScalar {
                                value: "color",
                                span: SourceSpan {
                                    offset: SourceOffset(
                                        1726,
                                    ),
                                    length: 7,
                                },
                            },
                            ty: SpannedScalar {
                                value: "Color",
                                span: SourceSpan {
                                    offset: SourceOffset(
                                        1739,
                                    ),
                                    length: 7,
                                },
                            },
                            defaults_to: None,
                            defaults_to_dart: None,
                            docs: None,
                            to_json: None,
                            from_json: None,
                            json_key: None,
                        },
                        Field {
                            name: SpannedScalar {
                                value: "aliases",
                                span: SourceSpan {
                                    offset: SourceOffset(
                                        1757,
                                    ),
                                    length: 9,
                                },
                            },
                            ty: SpannedScalar {
                                value: "List<String>",
                                span: SourceSpan {
                                    offset: SourceOffset(
                                        1772,
                                    ),
                                    length: 14,
                                },
                            },
                            defaults_to: None,
                            defaults_to_dart: None,
                            docs: None,
                            to_json: None,
                            from_json: None,
                            json_key: None,
                        },
                    ],
                    docs: Some(
                        SpannedScalar {
                            value: "Fun-loving buddy",
                            span: SourceSpan {
                                offset: SourceOffset(
                                    1612,
                                ),
                                length: 18,
                            },
                        },
                    ),
                    json_key_case: None,
                    json_discriminant_value: None,
                    annotations: None,
                    builder_annotations: None,
                    extra_dart: None,
                    builder_extra_dart: None,
                },
                Class {
                    span: Span(
                        0,
                        0,
                    ),
                    name: SpannedScalar {
                        value: "Cat",
                        span: SourceSpan {
                            offset: SourceOffset(
                                1800,
                            ),
                            length: 5,
                        },
                    },
                    allow_non_pascal_case: None,
                    fields: [
                        Field {
                            name: SpannedScalar {
                                value: "name",
                                span: SourceSpan {
                                    offset: SourceOffset(
                                        1844,
                                    ),
                                    length: 6,
                                },
                            },
                            ty: SpannedScalar {
                                value: "String",
                                span: SourceSpan {
                                    offset: SourceOffset(
                                        1856,
                                    ),
                                    length: 8,
                                },
                            },
                            defaults_to: Some(
                                Value {
                                    type_name: None,
                                    literal: Spanned {
                                        span: Span(
                                            1885,
                                            1906,
                                        ),
                                        value: String(
                                            "Destroyer of Worlds",
                                        ),
                                    },
                                },
                            ),
                            defaults_to_dart: None,
                            docs: None,
                            to_json: None,
                            from_json: None,
                            json_key: None,
                        },
                        Field {
                            name: SpannedScalar {
                                value: "satanicPower",
                                span: SourceSpan {
                                    offset: SourceOffset(
                                        1923,
                                    ),
                                    length: 14,
                                },
                            },
                            ty: SpannedScalar {
                                value: "int",
                                span: SourceSpan {
                                    offset: SourceOffset(
                                        1943,
                                    ),
                                    length: 5,
                                },
                            },
                            defaults_to: None,
                            defaults_to_dart: Some(
                                SpannedScalar {
                                    value: "9001",
                                    span: SourceSpan {
                                        offset: SourceOffset(
                                            1974,
                                        ),
                                        length: 6,
                                    },
                                },
                            ),
                            docs: None,
                            to_json: Some(
                                SpannedScalar {
                                    value: "(i) => i ^ 121",
                                    span: SourceSpan {
                                        offset: SourceOffset(
                                            1995,
                                        ),
                                        length: 16,
                                    },
                                },
                            ),
                            from_json: Some(
                                SpannedScalar {
                                    value: "(i) => i ^ 121",
                                    span: SourceSpan {
                                        offset: SourceOffset(
                                            2028,
                                        ),
                                        length: 16,
                                    },
                                },
                            ),
                            json_key: None,
                        },
                        Field {
                            name: SpannedScalar {
                                value: "data",
                                span: SourceSpan {
                                    offset: SourceOffset(
                                        2061,
                                    ),
                                    length: 6,
                                },
                            },
                            ty: SpannedScalar {
                                value: "Map<String, dynamic>",
                                span: SourceSpan {
                                    offset: SourceOffset(
                                        2073,
                                    ),
                                    length: 22,
                                },
                            },
                            defaults_to: None,
                            defaults_to_dart: None,
                            docs: None,
                            to_json: None,
                            from_json: None,
                            json_key: None,
                        },
                    ],
                    docs: Some(
                        SpannedScalar {
                            value: "Evil hellspawn",
                            span: SourceSpan {
                                offset: SourceOffset(
                                    1817,
                                ),
                                length: 16,
                            },
                        },
                    ),
                    json_key_case: None,
                    json_discriminant_value: None,
                    annotations: None,
                    builder_annotations: None,
                    extra_dart: None,
                    builder_extra_dart: None,
                },
            ],
            extra_dart: [],
        },
    ],
}
