---
source: src/model/tests.rs
expression: config
---
Library {
    classes: [
        Class {
            span: Span(
                0,
                0,
            ),
            name: SpannedScalar {
                value: "Foo",
                span: SourceSpan {
                    offset: SourceOffset(
                        6,
                    ),
                    length: 5,
                },
            },
            fields: [
                Field {
                    name: SpannedScalar {
                        value: "name",
                        span: SourceSpan {
                            offset: SourceOffset(
                                22,
                            ),
                            length: 6,
                        },
                    },
                    ty: SpannedScalar {
                        value: "String",
                        span: SourceSpan {
                            offset: SourceOffset(
                                34,
                            ),
                            length: 8,
                        },
                    },
                },
                Field {
                    name: SpannedScalar {
                        value: "age",
                        span: SourceSpan {
                            offset: SourceOffset(
                                51,
                            ),
                            length: 5,
                        },
                    },
                    ty: SpannedScalar {
                        value: "int",
                        span: SourceSpan {
                            offset: SourceOffset(
                                62,
                            ),
                            length: 5,
                        },
                    },
                },
            ],
            extra_dart: [
                ExtraDart {
                    text: "void printMe() => print((name, age));",
                },
            ],
            docs: None,
        },
    ],
}
