---
source: src/model/tests.rs
expression: ron
---
Library {
    preamble: None,
    postamble: None,
    meta: None,
    defaults: None,
    enums: [
        Enum {
            span: Span(
                0,
                0,
            ),
            name: SpannedScalar {
                value: "Foo",
                span: SourceSpan {
                    offset: SourceOffset(
                        33,
                    ),
                    length: 5,
                },
            },
            docs: None,
            variants: [
                EnumVariant {
                    name: SpannedScalar {
                        value: "a",
                        span: SourceSpan {
                            offset: SourceOffset(
                                51,
                            ),
                            length: 3,
                        },
                    },
                    docs: None,
                    json_value: None,
                },
                EnumVariant {
                    name: SpannedScalar {
                        value: "b",
                        span: SourceSpan {
                            offset: SourceOffset(
                                65,
                            ),
                            length: 3,
                        },
                    },
                    docs: None,
                    json_value: None,
                },
            ],
            extra_dart: [
                SpannedScalar {
                    value: "\n    void foo() => print(this);\n  ",
                    span: SourceSpan {
                        offset: SourceOffset(
                            83,
                        ),
                        length: 39,
                    },
                },
            ],
        },
    ],
    classes: [],
    unions: [],
}
